C51 COMPILER V9.60.0.0   KEY_DRIVER                                                        02/14/2025 14:35:51 PAGE 1   


C51 COMPILER V9.60.0.0, COMPILATION OF MODULE KEY_DRIVER
OBJECT MODULE PLACED IN .\Objects\key_driver.obj
COMPILER INVOKED BY: E:\1.software\60.Keil_C51\C51\BIN\C51.EXE app\key_driver.c OPTIMIZE(8,SPEED) BROWSE DEBUG OBJECTEXT
                    -END PRINT(.\Listings\key_driver.lst) TABS(2) OBJECT(.\Objects\key_driver.obj)

line level    source

   1          #include "app/key_driver.h"
   2          #include "app/led_driver.h"
   3          #include <string.h>
   4          
   5          Key_state key_st;
   6          
   7          void key_driver_init(void)
   8          {
   9   1        KEY_IO = 0xFF;
  10   1        memset(&key_st, 0x00, sizeof(key_st));
  11   1      }
  12          
  13          void key_scan(void)
  14          {
  15   1        key_st.current = get_key_value();
  16   1      
  17   1        if (key_st.current != key_st.old)
  18   1        {
  19   2          key_st.no_change_time = 0;
  20   2          key_st.old = key_st.current;
  21   2          return;
  22   2        }
  23   1        else
  24   1        {
  25   2          key_st.no_change_time++;
  26   2          if (key_st.no_change_time > 10)
  27   2          {
  28   3            key_st.no_change_time = 0;
  29   3            key_st.press = key_st.old;
  30   3            key_st.down |= (~key_st.last) & (key_st.press);
  31   3            key_st.up &= key_st.last & (~key_st.press);
  32   3            key_st.last = key_st.press;
  33   3          }
  34   2        }
  35   1      }
  36          
  37          void key_main_loop(void)
  38          {
  39   1        LEDS = ~key_st.press;
  40   1      }


MODULE INFORMATION:   STATIC OVERLAYABLE
   CODE SIZE        =     79    ----
   CONSTANT SIZE    =   ----    ----
   XDATA SIZE       =   ----    ----
   PDATA SIZE       =   ----    ----
   DATA SIZE        =      8    ----
   IDATA SIZE       =   ----    ----
   BIT SIZE         =   ----    ----
END OF MODULE INFORMATION.


C51 COMPILATION COMPLETE.  0 WARNING(S),  0 ERROR(S)
